---
layout: city
title: Golden, CO Sushi Restaurants
permalink: /colorado/golden/index.html
state: CO
city: Golden
---